#-----------------------------------------------------------
# Vivado v2018.2 (64-bit)
# SW Build 2258646 on Thu Jun 14 20:02:38 MDT 2018
# IP Build 2256618 on Thu Jun 14 22:10:49 MDT 2018
# Start of session at: Mon Dec 10 13:07:34 2018
# Process ID: 5928
# Current directory: /home/dours/CurrentProjectCache/TRIK/KirillSmirnov/ti-linux-kernel
# Command line: vivado
# Log file: /home/dours/CurrentProjectCache/TRIK/KirillSmirnov/ti-linux-kernel/vivado.log
# Journal file: /home/dours/CurrentProjectCache/TRIK/KirillSmirnov/ti-linux-kernel/vivado.jou
#-----------------------------------------------------------
start_gui
open_project /home/dours/DigitalSystemDesignCourse/05Voloshin_ariarti@list.ru/task4.3/NewPr4/NewPr4.xpr
update_compile_order -fileset sources_1
open_hw
connect_hw_server
open_hw_target
set_property PROGRAM.FILE {/home/dours/DigitalSystemDesignCourse/05Voloshin_ariarti@list.ru/task4.3/NewPr4/NewPr4.runs/impl_1/design_1_wrapper.bit} [get_hw_devices xc7z010_1]
set_property PROBES.FILE {/home/dours/DigitalSystemDesignCourse/05Voloshin_ariarti@list.ru/task4.3/NewPr4/NewPr4.runs/impl_1/design_1_wrapper.ltx} [get_hw_devices xc7z010_1]
set_property FULL_PROBES.FILE {/home/dours/DigitalSystemDesignCourse/05Voloshin_ariarti@list.ru/task4.3/NewPr4/NewPr4.runs/impl_1/design_1_wrapper.ltx} [get_hw_devices xc7z010_1]
current_hw_device [get_hw_devices xc7z010_1]
refresh_hw_device [lindex [get_hw_devices xc7z010_1] 0]
set_property PROBES.FILE {/home/dours/DigitalSystemDesignCourse/05Voloshin_ariarti@list.ru/task4.3/NewPr4/NewPr4.runs/impl_1/design_1_wrapper.ltx} [get_hw_devices xc7z010_1]
set_property FULL_PROBES.FILE {/home/dours/DigitalSystemDesignCourse/05Voloshin_ariarti@list.ru/task4.3/NewPr4/NewPr4.runs/impl_1/design_1_wrapper.ltx} [get_hw_devices xc7z010_1]
set_property PROGRAM.FILE {/home/dours/DigitalSystemDesignCourse/05Voloshin_ariarti@list.ru/task4.3/NewPr4/NewPr4.runs/impl_1/design_1_wrapper.bit} [get_hw_devices xc7z010_1]
program_hw_devices [get_hw_devices xc7z010_1]
refresh_hw_device [lindex [get_hw_devices xc7z010_1] 0]
display_hw_ila_data [ get_hw_ila_data hw_ila_data_1 -of_objects [get_hw_ilas -of_objects [get_hw_devices xc7z010_1] -filter {CELL_NAME=~"u_ila_0"}]]
run_hw_ila [get_hw_ilas -of_objects [get_hw_devices xc7z010_1] -filter {CELL_NAME=~"u_ila_0"}]
wait_on_hw_ila -timeout 0 [get_hw_ilas -of_objects [get_hw_devices xc7z010_1] -filter {CELL_NAME=~"u_ila_0"}]
upload_hw_ila_data [get_hw_ilas -of_objects [get_hw_devices xc7z010_1] -filter {CELL_NAME=~"u_ila_0"}]
set_property CONTROL.TRIGGER_POSITION 100 [get_hw_ilas -of_objects [get_hw_devices xc7z010_1] -filter {CELL_NAME=~"u_ila_0"}]
run_hw_ila [get_hw_ilas -of_objects [get_hw_devices xc7z010_1] -filter {CELL_NAME=~"u_ila_0"}]
wait_on_hw_ila [get_hw_ilas -of_objects [get_hw_devices xc7z010_1] -filter {CELL_NAME=~"u_ila_0"}]
display_hw_ila_data [upload_hw_ila_data [get_hw_ilas -of_objects [get_hw_devices xc7z010_1] -filter {CELL_NAME=~"u_ila_0"}]]
